// Jest Snapshot v1, https://goo.gl/fbAQLP

exports[`should render ExpenseListItem with expenses 1`] = `
<div>
  <Link
    to="/edit/2"
  >
    <h2>
      Rent
    </h2>
  </Link>
  <p>
    Amount: 
    109500
     - CreatedAt:
    -345600000
  </p>
</div>
`;
